>
>function booleans(): void {
#^^^^^^^^ source.hack meta.function.php storage.type.function.php
#        ^ source.hack meta.function.php
#         ^^^^^^^^ source.hack meta.function.php entity.name.function.php
#                 ^ source.hack meta.function.php punctuation.definition.parameters.begin.php
#                  ^ source.hack meta.function.php punctuation.definition.parameters.end.php
#                   ^ source.hack meta.function.php punctuation.definition.type.php
#                    ^ source.hack meta.function.php
#                     ^^^^ source.hack meta.function.php support.class.php
#                         ^ source.hack meta.function.php
#                          ^ source.hack punctuation.section.scope.begin.php
>  // normal boolean literals
#^^ source.hack punctuation.whitespace.comment.leading.php
#  ^^ source.hack comment.line.double-slash.php punctuation.definition.comment.php
#    ^^^^^^^^^^^^^^^^^^^^^^^^ source.hack comment.line.double-slash.php
>  $x = true;
#^^ source.hack
#  ^ source.hack variable.other.php punctuation.definition.variable.php
#   ^ source.hack variable.other.php
#    ^ source.hack
#     ^ source.hack keyword.operator.assignment.php
#      ^ source.hack
#       ^^^^ source.hack constant.language.php
#           ^ source.hack punctuation.terminator.expression.php
>  $y = false;
#^^ source.hack
#  ^ source.hack variable.other.php punctuation.definition.variable.php
#   ^ source.hack variable.other.php
#    ^ source.hack
#     ^ source.hack keyword.operator.assignment.php
#      ^ source.hack
#       ^^^^^ source.hack constant.language.php
#            ^ source.hack punctuation.terminator.expression.php
>
>  // booleans are case insensitive
#^^ source.hack punctuation.whitespace.comment.leading.php
#  ^^ source.hack comment.line.double-slash.php punctuation.definition.comment.php
#    ^^^^^^^^^^^^^^^^^^^^^^^^^^^^^^ source.hack comment.line.double-slash.php
>  $x = True;
#^^ source.hack
#  ^ source.hack variable.other.php punctuation.definition.variable.php
#   ^ source.hack variable.other.php
#    ^ source.hack
#     ^ source.hack keyword.operator.assignment.php
#      ^ source.hack
#       ^^^^ source.hack constant.language.php
#           ^ source.hack punctuation.terminator.expression.php
>  $y = FALSE;
#^^ source.hack
#  ^ source.hack variable.other.php punctuation.definition.variable.php
#   ^ source.hack variable.other.php
#    ^ source.hack
#     ^ source.hack keyword.operator.assignment.php
#      ^ source.hack
#       ^^^^^ source.hack constant.language.php
#            ^ source.hack punctuation.terminator.expression.php
>
>  // yes/no are not booleans.
#^^ source.hack punctuation.whitespace.comment.leading.php
#  ^^ source.hack comment.line.double-slash.php punctuation.definition.comment.php
#    ^^^^^^^^^^^^^^^^^^^^^^^^^ source.hack comment.line.double-slash.php
>  $x = yes;
#^^ source.hack
#  ^ source.hack variable.other.php punctuation.definition.variable.php
#   ^ source.hack variable.other.php
#    ^ source.hack
#     ^ source.hack keyword.operator.assignment.php
#      ^ source.hack
#       ^^^ source.hack constant.other.php
#          ^ source.hack punctuation.terminator.expression.php
>  $y = no;
#^^ source.hack
#  ^ source.hack variable.other.php punctuation.definition.variable.php
#   ^ source.hack variable.other.php
#    ^ source.hack
#     ^ source.hack keyword.operator.assignment.php
#      ^ source.hack
#       ^^ source.hack constant.other.php
#         ^ source.hack punctuation.terminator.expression.php
>
>  // logical operators.
#^^ source.hack punctuation.whitespace.comment.leading.php
#  ^^ source.hack comment.line.double-slash.php punctuation.definition.comment.php
#    ^^^^^^^^^^^^^^^^^^^ source.hack comment.line.double-slash.php
>  $x = !true;
#^^ source.hack
#  ^ source.hack variable.other.php punctuation.definition.variable.php
#   ^ source.hack variable.other.php
#    ^ source.hack
#     ^ source.hack keyword.operator.assignment.php
#      ^ source.hack
#       ^ source.hack keyword.operator.logical.php
#        ^^^^ source.hack constant.language.php
#            ^ source.hack punctuation.terminator.expression.php
>  $y = $x && ($x || true);
#^^ source.hack
#  ^ source.hack variable.other.php punctuation.definition.variable.php
#   ^ source.hack variable.other.php
#    ^ source.hack
#     ^ source.hack keyword.operator.assignment.php
#      ^ source.hack
#       ^ source.hack variable.other.php punctuation.definition.variable.php
#        ^ source.hack variable.other.php
#         ^ source.hack
#          ^^ source.hack keyword.operator.logical.php
#            ^^ source.hack
#              ^ source.hack variable.other.php punctuation.definition.variable.php
#               ^ source.hack variable.other.php
#                ^ source.hack
#                 ^^ source.hack keyword.operator.logical.php
#                   ^ source.hack
#                    ^^^^ source.hack constant.language.php
#                        ^ source.hack
#                         ^ source.hack punctuation.terminator.expression.php
>}
#^ source.hack punctuation.section.scope.end.php
>