>// The "shape()" constructor below should highlight as yellow
#^^ source.hack comment.line.double-slash.php punctuation.definition.comment.php
#  ^^^^^^^^^^^^^^^^^^^^^^^^^^^^^^^^^^^^^^^^^^^^^^^^^^^^^^^^^^^ source.hack comment.line.double-slash.php
>
>function foo(int $arg): shape(...){
#^^^^^^^^ source.hack meta.function.php storage.type.function.php
#        ^ source.hack meta.function.php
#         ^^^ source.hack meta.function.php entity.name.function.php
#            ^ source.hack meta.function.php punctuation.definition.parameters.begin.php
#             ^^^ source.hack meta.function.php meta.function.arguments.php support.type.php
#                ^ source.hack meta.function.php meta.function.arguments.php
#                 ^ source.hack meta.function.php meta.function.arguments.php variable.other.php punctuation.definition.variable.php
#                  ^^^ source.hack meta.function.php meta.function.arguments.php variable.other.php
#                     ^ source.hack meta.function.php punctuation.definition.parameters.end.php
#                      ^ source.hack meta.function.php punctuation.definition.type.php
#                       ^ source.hack meta.function.php
#                        ^^^^^^ source.hack meta.function.php storage.type.shape.php
#                              ^^^^ source.hack meta.function.php storage.type.shape.php keyword.operator.key.php
#                                  ^ source.hack punctuation.section.scope.begin.php
>  return shape();
#^^ source.hack
#  ^^^^^^ source.hack keyword.control.php
#        ^ source.hack
#         ^^^^^ source.hack meta.function-call.php entity.name.function.php
#              ^^ source.hack
#                ^ source.hack punctuation.terminator.expression.php
>}
#^ source.hack punctuation.section.scope.end.php